// Jest Snapshot v1, https://goo.gl/fbAQLP

exports[`renders dark without error 1`] = `
<DocumentFragment>
  <div>
    <div
      class="MuiBox-root MuiBox-root Styled(MuiBox)-root Styled(MuiBox)-root ForwardRef-root"
    >
      <div
        class="MuiBox-root MuiBox-root Styled(MuiBox)-root Styled(MuiBox)-root"
      >
        <div
          class="MuiPaper-root MuiCard-root WithStyles(ForwardRef(Card))-root WithStyles(ForwardRef(Card))-root MuiPaper-elevation1 MuiPaper-rounded"
        >
          <div
            class="MuiBox-root MuiBox-root Styled(MuiBox)-root Styled(MuiBox)-root"
          >
            <p
              class="MuiTypography-root WithStyles(ForwardRef(Typography))-root WithStyles(ForwardRef(Typography))-root WrappedTypography-root WrappedTypography-root MuiTypography-body1 MuiTypography-colorTextSecondary MuiTypography-gutterBottom"
            >
              Runtime
            </p>
            <p
              class="MuiTypography-root WithStyles(ForwardRef(Typography))-root WithStyles(ForwardRef(Typography))-root WrappedTypography-root WrappedTypography-root MuiTypography-body1"
            >
              33180
            </p>
          </div>
        </div>
      </div>
    </div>
  </div>
</DocumentFragment>
`;

exports[`renders without error 1`] = `
<DocumentFragment>
  <div>
    <div
      class="MuiBox-root MuiBox-root Styled(MuiBox)-root Styled(MuiBox)-root ForwardRef-root"
    >
      <div
        class="MuiBox-root MuiBox-root Styled(MuiBox)-root Styled(MuiBox)-root"
      >
        <div
          class="MuiPaper-root MuiCard-root WithStyles(ForwardRef(Card))-root WithStyles(ForwardRef(Card))-root MuiPaper-elevation1 MuiPaper-rounded"
        >
          <div
            class="MuiBox-root MuiBox-root Styled(MuiBox)-root Styled(MuiBox)-root"
          >
            <p
              class="MuiTypography-root WithStyles(ForwardRef(Typography))-root WithStyles(ForwardRef(Typography))-root WrappedTypography-root WrappedTypography-root MuiTypography-body1 MuiTypography-colorTextSecondary MuiTypography-gutterBottom"
            >
              Runtime
            </p>
            <p
              class="MuiTypography-root WithStyles(ForwardRef(Typography))-root WithStyles(ForwardRef(Typography))-root WrappedTypography-root WrappedTypography-root MuiTypography-body1"
            >
              33180
            </p>
          </div>
        </div>
      </div>
    </div>
  </div>
</DocumentFragment>
`;
