// Jest Snapshot v1, https://goo.gl/fbAQLP

exports[`renders dark without error, with No-Op orderer 1`] = `
<DocumentFragment>
  <div />
</DocumentFragment>
`;

exports[`renders dark without error, with no orderers 1`] = `
<DocumentFragment>
  <div />
</DocumentFragment>
`;

exports[`renders dark without error, with orderers 1`] = `
<DocumentFragment>
  <div>
    <button
      aria-haspopup="true"
      class="MuiButtonBase-root MuiButton-root MuiButton-text WithNoOpener-root WithNoOpener-root MuiButton-textSizeSmall MuiButton-sizeSmall"
      tabindex="0"
      type="button"
    >
      <span
        class="MuiButton-label"
      >
        Example Orderer
        <span
          class="MuiButton-endIcon MuiButton-iconSizeSmall"
        >
          <svg
            aria-hidden="true"
            class="MuiSvgIcon-root"
            focusable="false"
            viewBox="0 0 24 24"
          >
            <path
              d="M7 10l5 5 5-5H7z"
            />
          </svg>
        </span>
      </span>
      <span
        class="MuiTouchRipple-root"
      />
    </button>
    <button
      class="MuiButtonBase-root MuiButton-root MuiButton-text WithNoOpener-root WithNoOpener-root MuiButton-textSizeSmall MuiButton-sizeSmall"
      tabindex="0"
      type="button"
    >
      <span
        class="MuiButton-label"
      >
        <span
          class="MuiButton-startIcon MuiButton-iconSizeSmall"
        >
          <svg
            aria-hidden="true"
            class="MuiSvgIcon-root"
            focusable="false"
            viewBox="0 0 24 24"
          >
            <path
              d="M2 17h2v.5H3v1h1v.5H2v1h3v-4H2v1zm1-9h1V4H2v1h1v3zm-1 3h1.8L2 13.1v.9h3v-1H3.2L5 10.9V10H2v1zm5-6v2h14V5H7zm0 14h14v-2H7v2zm0-6h14v-2H7v2z"
            />
          </svg>
        </span>
        Order
      </span>
      <span
        class="MuiTouchRipple-root"
      />
    </button>
  </div>
</DocumentFragment>
`;

exports[`renders without error, with No-Op orderer 1`] = `
<DocumentFragment>
  <div />
</DocumentFragment>
`;

exports[`renders without error, with no orderers 1`] = `
<DocumentFragment>
  <div />
</DocumentFragment>
`;

exports[`renders without error, with orderers 1`] = `
<DocumentFragment>
  <div>
    <button
      aria-haspopup="true"
      class="MuiButtonBase-root MuiButton-root MuiButton-text WithNoOpener-root WithNoOpener-root MuiButton-textSizeSmall MuiButton-sizeSmall"
      tabindex="0"
      type="button"
    >
      <span
        class="MuiButton-label"
      >
        Example Orderer
        <span
          class="MuiButton-endIcon MuiButton-iconSizeSmall"
        >
          <svg
            aria-hidden="true"
            class="MuiSvgIcon-root"
            focusable="false"
            viewBox="0 0 24 24"
          >
            <path
              d="M7 10l5 5 5-5H7z"
            />
          </svg>
        </span>
      </span>
      <span
        class="MuiTouchRipple-root"
      />
    </button>
    <button
      class="MuiButtonBase-root MuiButton-root MuiButton-text WithNoOpener-root WithNoOpener-root MuiButton-textSizeSmall MuiButton-sizeSmall"
      tabindex="0"
      type="button"
    >
      <span
        class="MuiButton-label"
      >
        <span
          class="MuiButton-startIcon MuiButton-iconSizeSmall"
        >
          <svg
            aria-hidden="true"
            class="MuiSvgIcon-root"
            focusable="false"
            viewBox="0 0 24 24"
          >
            <path
              d="M2 17h2v.5H3v1h1v.5H2v1h3v-4H2v1zm1-9h1V4H2v1h1v3zm-1 3h1.8L2 13.1v.9h3v-1H3.2L5 10.9V10H2v1zm5-6v2h14V5H7zm0 14h14v-2H7v2zm0-6h14v-2H7v2z"
            />
          </svg>
        </span>
        Order
      </span>
      <span
        class="MuiTouchRipple-root"
      />
    </button>
  </div>
</DocumentFragment>
`;
