// Jest Snapshot v1, https://goo.gl/fbAQLP

exports[`renders dark without error 1`] = `
<DocumentFragment>
  <div>
    <svg
      class="ForwardRef(SvgBaleen404)-root ForwardRef(SvgBaleen404)-root"
    >
      Baleen_404.svg
    </svg>
  </div>
</DocumentFragment>
`;

exports[`renders without error 1`] = `
<DocumentFragment>
  <div>
    <svg
      class="ForwardRef(SvgBaleen404)-root ForwardRef(SvgBaleen404)-root"
    >
      Baleen_404.svg
    </svg>
  </div>
</DocumentFragment>
`;
