// Jest Snapshot v1, https://goo.gl/fbAQLP

exports[`renders dark without error 1`] = `
<DocumentFragment>
  <div>
    <hr
      class="MuiDivider-root WithStyles(ForwardRef(Divider))-root WithStyles(ForwardRef(Divider))-root Styled(WithStyles(ForwardRef(Divider)))-root Styled(WithStyles(ForwardRef(Divider)))-root"
    />
  </div>
</DocumentFragment>
`;

exports[`renders without error 1`] = `
<DocumentFragment>
  <div>
    <hr
      class="MuiDivider-root WithStyles(ForwardRef(Divider))-root WithStyles(ForwardRef(Divider))-root Styled(WithStyles(ForwardRef(Divider)))-root Styled(WithStyles(ForwardRef(Divider)))-root"
    />
  </div>
</DocumentFragment>
`;
