// Jest Snapshot v1, https://goo.gl/fbAQLP

exports[`renders dark without error 1`] = `
<DocumentFragment>
  <div>
    <div
      class="MuiBox-root MuiBox-root Styled(MuiBox)-root Styled(MuiBox)-root"
    >
      <div
        class="MuiPaper-root MuiCard-root WithStyles(ForwardRef(Card))-root WithStyles(ForwardRef(Card))-root Styled(WithStyles(ForwardRef(Card)))-root MuiPaper-elevation1 MuiPaper-rounded"
      />
    </div>
  </div>
</DocumentFragment>
`;

exports[`renders without error 1`] = `
<DocumentFragment>
  <div>
    <div
      class="MuiBox-root MuiBox-root Styled(MuiBox)-root Styled(MuiBox)-root"
    >
      <div
        class="MuiPaper-root MuiCard-root WithStyles(ForwardRef(Card))-root WithStyles(ForwardRef(Card))-root Styled(WithStyles(ForwardRef(Card)))-root MuiPaper-elevation1 MuiPaper-rounded"
      />
    </div>
  </div>
</DocumentFragment>
`;
