// Jest Snapshot v1, https://goo.gl/fbAQLP

exports[`renders dark without error 1`] = `
<DocumentFragment>
  <div>
    <svg
      class="ForwardRef(SvgBaleenLogo)-root ForwardRef(SvgBaleenLogo)-root"
    >
      Baleen_Logo.svg
    </svg>
  </div>
</DocumentFragment>
`;

exports[`renders without error 1`] = `
<DocumentFragment>
  <div>
    <svg
      class="ForwardRef(SvgBaleenLogo)-root ForwardRef(SvgBaleenLogo)-root"
    >
      Baleen_Logo.svg
    </svg>
  </div>
</DocumentFragment>
`;
