// Jest Snapshot v1, https://goo.gl/fbAQLP

exports[`renders dark without error 1`] = `
<DocumentFragment>
  <div>
    <button
      aria-label="Insert Processors"
      class="MuiButtonBase-root"
      tabindex="0"
      title="Insert Processors"
      type="button"
    >
      <div
        class="MuiBox-root MuiBox-root Styled(MuiBox)-root Styled(MuiBox)-root"
      >
        <div
          class="MuiBox-root MuiBox-root Styled(MuiBox)-root Styled(MuiBox)-root Styled(Styled(MuiBox))-root Styled(Styled(MuiBox))-root"
        />
      </div>
      <div
        class="MuiBox-root MuiBox-root Styled(MuiBox)-root Styled(MuiBox)-root"
        style="opacity: 0; visibility: hidden;"
      >
        <svg
          aria-hidden="true"
          class="MuiSvgIcon-root"
          focusable="false"
          viewBox="0 0 24 24"
        >
          <path
            d="M19 13h-6v6h-2v-6H5v-2h6V5h2v6h6v2z"
          />
        </svg>
      </div>
      <span
        class="MuiTouchRipple-root"
      />
    </button>
  </div>
</DocumentFragment>
`;

exports[`renders without error 1`] = `
<DocumentFragment>
  <div>
    <button
      aria-label="Insert Processors"
      class="MuiButtonBase-root"
      tabindex="0"
      title="Insert Processors"
      type="button"
    >
      <div
        class="MuiBox-root MuiBox-root Styled(MuiBox)-root Styled(MuiBox)-root"
      >
        <div
          class="MuiBox-root MuiBox-root Styled(MuiBox)-root Styled(MuiBox)-root Styled(Styled(MuiBox))-root Styled(Styled(MuiBox))-root"
        />
      </div>
      <div
        class="MuiBox-root MuiBox-root Styled(MuiBox)-root Styled(MuiBox)-root"
        style="opacity: 0; visibility: hidden;"
      >
        <svg
          aria-hidden="true"
          class="MuiSvgIcon-root"
          focusable="false"
          viewBox="0 0 24 24"
        >
          <path
            d="M19 13h-6v6h-2v-6H5v-2h6V5h2v6h6v2z"
          />
        </svg>
      </div>
      <span
        class="MuiTouchRipple-root"
      />
    </button>
  </div>
</DocumentFragment>
`;
